// Jest Snapshot v1, https://goo.gl/fbAQLP

exports[`renders the DayHeader correctly 1`] = `
.c0 {
  padding: 0.3rem 0;
  width: 8%;
}

.c1 {
  font-size: 1rem;
  font-weight: bold;
  display: block;
}

.c2 {
  color: grey;
}

<th
  className="c0"
>
  <em
    className="c1"
  >
    We
  </em>
  <small
    className="c2"
  >
    6
  </small>
</th>
`;
