// Jest Snapshot v1, https://goo.gl/fbAQLP

exports[`renders the Todolist correctly 1`] = `
<ul>
  <li>
    plip
     
    <button
      onClick={[Function]}
    >
      X
    </button>
  </li>
  <li>
    huhu
     
    <button
      onClick={[Function]}
    >
      X
    </button>
  </li>
</ul>
`;
