// Jest Snapshot v1, https://goo.gl/fbAQLP

exports[`renders the WeekHeader correctly 1`] = `
.c0 {
  padding: 0.3rem 0;
  width: 8%;
}

.c1 {
  font-size: 1rem;
  font-weight: bold;
  display: block;
}

.c2 {
  color: grey;
}

.c3 {
  min-width: 20%;
}

<thead>
  <tr>
    <th
      className="c0"
    >
      <em
        className="c1"
      >
        Mo
      </em>
      <small
        className="c2"
      >
        18
      </small>
    </th>
    <th
      className="c0"
    >
      <em
        className="c1"
      >
        Tu
      </em>
      <small
        className="c2"
      >
        19
      </small>
    </th>
    <th
      className="c0"
    >
      <em
        className="c1"
      >
        We
      </em>
      <small
        className="c2"
      >
        20
      </small>
    </th>
    <th
      className="c0"
    >
      <em
        className="c1"
      >
        Th
      </em>
      <small
        className="c2"
      >
        21
      </small>
    </th>
    <th
      className="c0"
    >
      <em
        className="c1"
      >
        Fr
      </em>
      <small
        className="c2"
      >
        22
      </small>
    </th>
    <th
      className="c0"
    >
      <em
        className="c1"
      >
        Sa
      </em>
      <small
        className="c2"
      >
        23
      </small>
    </th>
    <th
      className="c0"
    >
      <em
        className="c1"
      >
        Su
      </em>
      <small
        className="c2"
      >
        24
      </small>
    </th>
    <th
      className="c3"
    >
       
    </th>
  </tr>
</thead>
`;
