// Jest Snapshot v1, https://goo.gl/fbAQLP

exports[`renders the Week correctly 1`] = `
.c2 {
  padding: 1rem;
}

.c3 {
  font-size: 1.3rem;
  font-weight: bold;
  display: block;
}

.c4 {
  color: grey;
}

.c1 {
  padding: 0.3rem;
}

.c13 {
  padding: 0.5rem 0 0.5rem 0.3rem;
}

.c0 {
  border-spacing: 0.3rem;
  border-collapse: separate;
}

.c5 {
  text-align: center;
}

.c6 {
  padding: 1rem 0;
  background-color: hsl(77,100%,93%);
}

.c8 {
  padding: 1rem 0;
  background-color: hsl(82,100%,93%);
}

.c9 {
  padding: 1rem 0;
  background-color: hsl(82,100%,70%);
}

.c11 {
  padding: 1rem 0;
  background-color: transparent;
}

.c7 {
  padding: 1rem 0;
  background-color: hsl(77,100%,70%);
  text-align: left;
  padding: 0 0.3rem;
  background-color: hsl(77,100%,70%);
}

.c10 {
  padding: 1rem 0;
  background-color: hsl(82,100%,70%);
  text-align: left;
  padding: 0 0.3rem;
  background-color: hsl(82,100%,70%);
}

.c12 {
  padding: 1rem 0;
  background-color: transparent;
  text-align: left;
  padding: 0 0.3rem;
  background-color: transparent;
}

<table
  className="c0"
>
  <thead>
    <tr
      className="c1"
    >
      <th
        className="c2"
      >
        <em
          className="c3"
        >
          Fr
        </em>
        <small
          className="c4"
        >
          22nd
        </small>
      </th>
      <th
        className="c2"
      >
        <em
          className="c3"
        >
          Sa
        </em>
        <small
          className="c4"
        >
          23rd
        </small>
      </th>
      <th
        className="c2"
      >
        <em
          className="c3"
        >
          Su
        </em>
        <small
          className="c4"
        >
          24th
        </small>
      </th>
      <th
        className="c2"
      >
        <em
          className="c3"
        >
          Mo
        </em>
        <small
          className="c4"
        >
          25th
        </small>
      </th>
    </tr>
  </thead>
  <tbody>
    <tr
      className="c5"
    >
      <td
        className="c6"
        color="hsl(77, 100%, 93%)"
      >
        <input
          checked={false}
          onChange={[Function]}
          type="checkbox"
        />
      </td>
      <td
        className="c6"
        color="hsl(77, 100%, 93%)"
      >
        <input
          checked={false}
          onChange={[Function]}
          type="checkbox"
        />
      </td>
      <td
        className="c6"
        color="hsl(77, 100%, 93%)"
      >
        <input
          checked={false}
          onChange={[Function]}
          type="checkbox"
        />
      </td>
      <td
        className="c6"
        color="hsl(77, 100%, 93%)"
      >
        <input
          checked={false}
          onChange={[Function]}
          type="checkbox"
        />
      </td>
      <td
        className="c7"
        color="hsl(77, 100%, 70%)"
      >
        <label>
          plip
        </label>
         
        <button
          onClick={[Function]}
        >
          X
        </button>
      </td>
    </tr>
    <tr
      className="c5"
    >
      <td
        className="c8"
        color="hsl(82, 100%, 93%)"
      >
        <input
          checked={false}
          onChange={[Function]}
          type="checkbox"
        />
      </td>
      <td
        className="c8"
        color="hsl(82, 100%, 93%)"
      >
        <input
          checked={false}
          onChange={[Function]}
          type="checkbox"
        />
      </td>
      <td
        className="c9"
        color="hsl(82, 100%, 70%)"
      >
        <input
          checked={true}
          onChange={[Function]}
          type="checkbox"
        />
      </td>
      <td
        className="c8"
        color="hsl(82, 100%, 93%)"
      >
        <input
          checked={false}
          onChange={[Function]}
          type="checkbox"
        />
      </td>
      <td
        className="c10"
        color="hsl(82, 100%, 70%)"
      >
        <label>
          huhu
        </label>
         
        <button
          onClick={[Function]}
        >
          X
        </button>
      </td>
    </tr>
    <tr
      className="c5"
    >
      <td
        className="c11"
      >
         
      </td>
      <td
        className="c11"
      >
         
      </td>
      <td
        className="c11"
      >
         
      </td>
      <td
        className="c11"
      >
         
      </td>
      <td
        className="c12"
      >
        <input
          className="c13"
          onKeyDown={[Function]}
          placeholder="Add Todo"
          type="text"
        />
      </td>
    </tr>
  </tbody>
</table>
`;
