// Jest Snapshot v1, https://goo.gl/fbAQLP

exports[`renders the Week correctly 1`] = `
.c2 {
  padding: 1rem;
}

.c3 {
  font-size: 1.3rem;
  font-weight: bold;
  display: block;
}

.c4 {
  color: grey;
}

.c1 {
  padding: 0.3rem;
}

.c0 {
  border: 1px solid grey;
}

.c5 {
  background-color: lightgray;
}

.c6 {
  padding: 0.3rem;
}

<table
  className="c0"
>
  <thead>
    <tr
      className="c1"
    >
      <th
        className="c2"
      >
        <em
          className="c3"
        >
          Fr
        </em>
        <small
          className="c4"
        >
          22nd
        </small>
      </th>
      <th
        className="c2"
      >
        <em
          className="c3"
        >
          Sa
        </em>
        <small
          className="c4"
        >
          23rd
        </small>
      </th>
      <th
        className="c2"
      >
        <em
          className="c3"
        >
          Su
        </em>
        <small
          className="c4"
        >
          24th
        </small>
      </th>
      <th
        className="c2"
      >
        <em
          className="c3"
        >
          Mo
        </em>
        <small
          className="c4"
        >
          25th
        </small>
      </th>
    </tr>
  </thead>
  <tbody>
    <tr
      className="c5"
    >
      <td
        className="c6"
      >
        <input
          checked={false}
          onChange={[Function]}
          type="checkbox"
        />
      </td>
      <td
        className="c6"
      >
        <input
          checked={false}
          onChange={[Function]}
          type="checkbox"
        />
      </td>
      <td
        className="c6"
      >
        <input
          checked={false}
          onChange={[Function]}
          type="checkbox"
        />
      </td>
      <td
        className="c6"
      >
        <input
          checked={false}
          onChange={[Function]}
          type="checkbox"
        />
      </td>
    </tr>
    <tr
      className="c5"
    >
      <td
        className="c6"
      >
        <input
          checked={false}
          onChange={[Function]}
          type="checkbox"
        />
      </td>
      <td
        className="c6"
      >
        <input
          checked={false}
          onChange={[Function]}
          type="checkbox"
        />
      </td>
      <td
        className="c6"
      >
        <input
          checked={true}
          onChange={[Function]}
          type="checkbox"
        />
      </td>
      <td
        className="c6"
      >
        <input
          checked={false}
          onChange={[Function]}
          type="checkbox"
        />
      </td>
    </tr>
  </tbody>
</table>
`;
