// Jest Snapshot v1, https://goo.gl/fbAQLP

exports[`renders the WeekHeader correctly 1`] = `
.c1 {
  padding: 1rem;
}

.c2 {
  font-size: 1.3rem;
  font-weight: bold;
  display: block;
}

.c3 {
  color: grey;
}

.c0 {
  padding: 0.3rem;
}

<thead>
  <tr
    className="c0"
  >
    <th
      className="c1"
    >
      <em
        className="c2"
      >
        Mo
      </em>
      <small
        className="c3"
      >
        18th
      </small>
    </th>
    <th
      className="c1"
    >
      <em
        className="c2"
      >
        Tu
      </em>
      <small
        className="c3"
      >
        19th
      </small>
    </th>
    <th
      className="c1"
    >
      <em
        className="c2"
      >
        We
      </em>
      <small
        className="c3"
      >
        20th
      </small>
    </th>
    <th
      className="c1"
    >
      <em
        className="c2"
      >
        Th
      </em>
      <small
        className="c3"
      >
        21st
      </small>
    </th>
    <th
      className="c1"
    >
      <em
        className="c2"
      >
        Fr
      </em>
      <small
        className="c3"
      >
        22nd
      </small>
    </th>
    <th
      className="c1"
    >
      <em
        className="c2"
      >
        Sa
      </em>
      <small
        className="c3"
      >
        23rd
      </small>
    </th>
    <th
      className="c1"
    >
      <em
        className="c2"
      >
        Su
      </em>
      <small
        className="c3"
      >
        24th
      </small>
    </th>
  </tr>
</thead>
`;
